     -18.741       -5.605      -13.135
     -10.354       -4.696       -5.658
     -11.571       -4.931       -6.641
     -17.329       -7.743       -9.586
     -11.062       -5.574       -5.488
     -17.045       -6.005      -11.040
     -17.725       -7.806       -9.920
     -10.453       -5.136       -5.317
     -16.304       -6.016      -10.287
     -23.682       -5.508      -18.175
