>    99910      -13.665       -6.552       -7.114
PKKFTDEDMK
>    99920      -12.568       -5.753       -6.815
PWWMTEEEMV
>    99930       -7.869       -3.915       -3.954
SERSTKQHIT
>    99940      -14.154       -5.182       -8.971
DARISDQSLK
>    99950      -15.379       -6.017       -9.362
DEDVSEVMLK
>    99960      -18.173       -6.699      -11.473
PPSVDDASLY
>    99970      -19.492       -7.962      -11.530
PFTTTDDELE
>    99980      -10.597       -5.851       -4.746
-WDVDEYDLM
>    99990       -5.731       -3.157       -2.574
SMSEEESTIF
>   100000       -4.182       -2.011       -2.171
SLQVNADPAF
